x = [-1.  1.  2.]
||x||_1   = 4.0
||x||_2   = 2.449489742783178 = sqrt(6) = 2.449489742783178
||x||_inf = 2.0

||x - xhat||_2   = 0.21369562466274308
||x - xhat||_inf = 0.20009999999999994

A =
 [[ 1.  2. -1.]
 [ 0.  3. -1.]
 [ 5. -1.  1.]]
||A||_1   (max column sum) = 6.0   numpy: 6.0
||A||_inf (max row sum)    = 7.0   numpy: 7.0
||A||_2 = sqrt(rho(A^T A)) = 5.282385477874271   numpy: 5.2823854778742705
||A||_F (Frobenius)        = 6.557438524302
eigenvalues of A: [1.+0.j       2.+1.732051j 2.-1.732051j]
spectral radius rho(A)     = 2.645751311064591

B = [[0.5, 10], [0, 0.5]]:  rho(B) = 0.5   ||B||_inf = 10.5
   ||B^1 ||_inf = 1.0500e+01
   ||B^5 ||_inf = 3.1562e+00
   ||B^10||_inf = 1.9629e-01
   ||B^20||_inf = 3.8242e-04
   ||B^40||_inf = 7.2851e-10
   ||B^80||_inf = 1.3243e-21
