  n          a_n          b_n          p_n       f(p_n)
  1   1.00000000   2.00000000   1.50000000  -1.3750e+00
  2   1.50000000   2.00000000   1.75000000  -4.5312e-01
  3   1.75000000   2.00000000   1.87500000   2.0117e-01
  4   1.75000000   1.87500000   1.81250000  -1.4331e-01
  5   1.81250000   1.87500000   1.84375000   2.4506e-02
  6   1.81250000   1.84375000   1.82812500  -6.0497e-02
  7   1.82812500   1.84375000   1.83593750  -1.8271e-02
  8   1.83593750   1.84375000   1.83984375   3.0484e-03
  9   1.83593750   1.83984375   1.83789062  -7.6285e-03
 10   1.83789062   1.83984375   1.83886719  -2.2944e-03
 11   1.83886719   1.83984375   1.83935547   3.7591e-04
 12   1.83886719   1.83935547   1.83911133  -9.5951e-04
 13   1.83911133   1.83935547   1.83923340  -2.9187e-04
 14   1.83923340   1.83935547   1.83929443   4.2004e-05
 15   1.83923340   1.83929443   1.83926392  -1.2494e-04
 16   1.83926392   1.83929443   1.83927917  -4.1467e-05
 17   1.83927917   1.83929443   1.83928680   2.6797e-07
 18   1.83927917   1.83928680   1.83928299  -2.0600e-05
 19   1.83928299   1.83928680   1.83928490  -1.0166e-05
 20   1.83928490   1.83928680   1.83928585  -4.9490e-06

root ~ 1.8392858505 after 20 iterations
predicted number of iterations: 20
exact root (tribonacci constant) 1.839286755214161
