H =
 [[ 1  2  4  8]
 [ 1 -1  2  0]
 [-1  2  1  0]]
H.shape = (3, 4)
Error: all the input array dimensions for the concatenation axis must match exactly, but along dimension 1, the array at index 0 has size 4 and the array at index 1 has size 5
Z^T =
 [[ 1  0]
 [-1  2]]
2Z =
 [[ 2 -2]
 [ 0  4]]
Z + I2 =
 [[ 2  1]
 [-3  6]]
Z @ I2 (matrix product) =
 [[ 4 -2]
 [-6  8]]
Z * I2 (element-wise)   =
 [[ 1 -2]
 [ 0  8]]
Mq.shape = (4, 2)
Mq[3, 0] = 0    row 2: [ 1 -1]    column 1: [ 1  6 -1  2]
Error: Last 2 dimensions of the array must be square
inv(I2) =
 [[ 0.4 -0.2]
 [ 0.3  0.1]]
det(I2) = 10.000000000000002
eye(3) =
 [[1. 0. 0.]
 [0. 1. 0.]
 [0. 0. 1.]]
zeros((2,3)) =
 [[0. 0. 0.]
 [0. 0. 0.]]
diag([1,2,3]) =
 [[1 0 0]
 [0 2 0]
 [0 0 3]]
solution of I2 x = b: [1. 2.]
